frankenjax-qx0f-pass21|fj-egraph|add_mul_rule_subset|baseline_mean_us=203.90|after_mean_us=111.64|speedup=1.826|optimized_fingerprint=in=[v0,]const=[]out=[v11,]eqn:add(v0,f64bits:4607182418800017408,)->v7,{}|eqn:mul(v0,v0,)->v8,{}|eqn:mul(v8,v7,)->v9,{}|eqn:add(f64bits:0,v9,)->v10,{}|eqn:add(v0,v10,)->v11,{}||eval_x=-2,0,2,7.5|rules=8_vs_full|ordering=tie_breaking_fp_rng_preserved
