bead=frankenjax-p1vbf.40
pass=167
target=linalg/matmul_2d_2048x2048x2048_f64
worker=ts1
baseline_ms=114.33..116.07..117.70
candidate_ms=131.21..137.82..146.30
median_speedup=0.8422x
conservative_speedup=0.7815x
score=0.0
decision=rejected_source_restored
proof=rch_ts1_focused_matmul_9_passed_1_ignored
next=restored_source_reprofile_then_different_primitive_not_bpack_layout_retuning
